// Jest Snapshot v1, https://goo.gl/fbAQLP

exports[`Should render snapshot correctly 1`] = `
<div>
  <div
    class="css-rcwd80"
  >
    <h4
      class="chakra-heading css-1p7eyhh"
    >
      Data Points
    </h4>
    <h5
      class="chakra-heading css-djevj3"
    >
      Click to select which data you want to send to Zapier
    </h5>
    <hr
      aria-orientation="horizontal"
      class="chakra-divider css-xhauaj"
    />
    <div
      class="react-json-view"
      style="font-family: Inconsolata, monospace; cursor: default; position: relative; background: transparent;"
    >
      <div
        class="pretty-json-container object-container"
      >
        <div
          class="object-content"
        >
          <div
            class="object-key-val"
          >
            <span>
              <span
                style="display: inline-block; cursor: pointer;"
              >
                <div
                  class="icon-container"
                  style="display: inline-block; width: 17px;"
                >
                  <span
                    class="expanded-icon"
                  >
                    <svg
                      fill="currentColor"
                      style="vertical-align: top; color: rgb(67, 135, 166); height: 1em; width: 1em; padding-left: 2px;"
                      viewBox="0 0 15 15"
                    >
                      <path
                        d="M0 5l6 6 6-6z"
                      />
                    </svg>
                  </span>
                </div>
                <span />
                <span
                  style="display: inline-block; cursor: pointer; font-weight: bold; color: rgb(26, 25, 26);"
                >
                  {
                </span>
              </span>
              <div
                class="object-meta-data"
                style="display: inline-block; padding: 0px 0px 0px 10px;"
              >
                <span
                  class="object-size"
                  style="color: rgb(73, 72, 73); border-radius: 3px; font-style: italic; margin: 0px 6px 0px 0px; cursor: default;"
                >
                  15
                   item
                  s
                </span>
              </div>
            </span>
            <div
              class="pushed-content object-container"
            >
              <div
                class="object-content"
                style="margin-left: 6px;"
              >
                <div
                  class="variable-row"
                  style="border-left: 1px solid #969596; padding: 3px 5px 3px 20px;"
                >
                  <span>
                    <span
                      class="object-key"
                      style="display: inline-block; color: rgb(26, 25, 26); letter-spacing: 0.5px; font-style: none; vertical-align: top; opacity: 0.85;"
                    >
                      <span
                        style="vertical-align: top;"
                      >
                        "
                      </span>
                      <span
                        style="display: inline-block;"
                      >
                        _id
                      </span>
                      <span
                        style="vertical-align: top;"
                      >
                        "
                      </span>
                    </span>
                    <span
                      style="display: inline-block; margin: 0px 5px; color: rgb(26, 25, 26); vertical-align: top;"
                    >
                      :
                    </span>
                  </span>
                  <div
                    class="variable-value"
                    style="display: inline-block; padding-right: 6px; position: relative; cursor: pointer;"
                  >
                    <div
                      style="display: inline-block; color: rgb(246, 103, 30);"
                    >
                      <span
                        class="data-type-label"
                        style="font-size: 11px; margin-right: 4px; opacity: 0.8;"
                      >
                        string
                      </span>
                      <span
                        class="string-value"
                        style="cursor: default;"
                      >
                        "
                        5f68a7756a1b64000613378c
                        "
                      </span>
                    </div>
                  </div>
                </div>
                <div
                  class="variable-row"
                  style="border-left: 1px solid #969596; padding: 3px 5px 3px 20px;"
                >
                  <span>
                    <span
                      class="object-key"
                      style="display: inline-block; color: rgb(26, 25, 26); letter-spacing: 0.5px; font-style: none; vertical-align: top; opacity: 0.85;"
                    >
                      <span
                        style="vertical-align: top;"
                      >
                        "
                      </span>
                      <span
                        style="display: inline-block;"
                      >
                        nodeType
                      </span>
                      <span
                        style="vertical-align: top;"
                      >
                        "
                      </span>
                    </span>
                    <span
                      style="display: inline-block; margin: 0px 5px; color: rgb(26, 25, 26); vertical-align: top;"
                    >
                      :
                    </span>
                  </span>
                  <div
                    class="variable-value"
                    style="display: inline-block; padding-right: 6px; position: relative; cursor: pointer;"
                  >
                    <div
                      style="display: inline-block; color: rgb(246, 103, 30);"
                    >
                      <span
                        class="data-type-label"
                        style="font-size: 11px; margin-right: 4px; opacity: 0.8;"
                      >
                        string
                      </span>
                      <span
                        class="string-value"
                        style="cursor: default;"
                      >
                        "
                        SimpleDevice
                        "
                      </span>
                    </div>
                  </div>
                </div>
                <div
                  class="variable-row"
                  style="border-left: 1px solid #969596; padding: 3px 5px 3px 20px;"
                >
                  <span>
                    <span
                      class="object-key"
                      style="display: inline-block; color: rgb(26, 25, 26); letter-spacing: 0.5px; font-style: none; vertical-align: top; opacity: 0.85;"
                    >
                      <span
                        style="vertical-align: top;"
                      >
                        "
                      </span>
                      <span
                        style="display: inline-block;"
                      >
                        __v
                      </span>
                      <span
                        style="vertical-align: top;"
                      >
                        "
                      </span>
                    </span>
                    <span
                      style="display: inline-block; margin: 0px 5px; color: rgb(26, 25, 26); vertical-align: top;"
                    >
                      :
                    </span>
                  </span>
                  <div
                    class="variable-value"
                    style="display: inline-block; padding-right: 6px; position: relative; cursor: pointer;"
                  >
                    <div
                      style="display: inline-block; color: rgb(175, 85, 45);"
                    >
                      <span
                        class="data-type-label"
                        style="font-size: 11px; margin-right: 4px; opacity: 0.8;"
                      >
                        int
                      </span>
                      0
                    </div>
                  </div>
                </div>
                <div
                  class="variable-row"
                  style="border-left: 1px solid #969596; padding: 3px 5px 3px 20px;"
                >
                  <span>
                    <span
                      class="object-key"
                      style="display: inline-block; color: rgb(26, 25, 26); letter-spacing: 0.5px; font-style: none; vertical-align: top; opacity: 0.85;"
                    >
                      <span
                        style="vertical-align: top;"
                      >
                        "
                      </span>
                      <span
                        style="display: inline-block;"
                      >
                        category
                      </span>
                      <span
                        style="vertical-align: top;"
                      >
                        "
                      </span>
                    </span>
                    <span
                      style="display: inline-block; margin: 0px 5px; color: rgb(26, 25, 26); vertical-align: top;"
                    >
                      :
                    </span>
                  </span>
                  <div
                    class="variable-value"
                    style="display: inline-block; padding-right: 6px; position: relative; cursor: pointer;"
                  >
                    <div
                      style="display: inline-block; color: rgb(246, 103, 30);"
                    >
                      <span
                        class="data-type-label"
                        style="font-size: 11px; margin-right: 4px; opacity: 0.8;"
                      >
                        string
                      </span>
                      <span
                        class="string-value"
                        style="cursor: default;"
                      >
                        "
                        uncategorized
                        "
                      </span>
                    </div>
                  </div>
                </div>
                <div
                  class="variable-row"
                  style="border-left: 1px solid #969596; padding: 3px 5px 3px 20px;"
                >
                  <span>
                    <span
                      class="object-key"
                      style="display: inline-block; color: rgb(26, 25, 26); letter-spacing: 0.5px; font-style: none; vertical-align: top; opacity: 0.85;"
                    >
                      <span
                        style="vertical-align: top;"
                      >
                        "
                      </span>
                      <span
                        style="display: inline-block;"
                      >
                        createdAt
                      </span>
                      <span
                        style="vertical-align: top;"
                      >
                        "
                      </span>
                    </span>
                    <span
                      style="display: inline-block; margin: 0px 5px; color: rgb(26, 25, 26); vertical-align: top;"
                    >
                      :
                    </span>
                  </span>
                  <div
                    class="variable-value"
                    style="display: inline-block; padding-right: 6px; position: relative; cursor: pointer;"
                  >
                    <div
                      style="display: inline-block; color: rgb(246, 103, 30);"
                    >
                      <span
                        class="data-type-label"
                        style="font-size: 11px; margin-right: 4px; opacity: 0.8;"
                      >
                        string
                      </span>
                      <span
                        class="string-value"
                        style="cursor: default;"
                      >
                        "
                        2020-09-21T13:15:33.354Z
                        "
                      </span>
                    </div>
                  </div>
                </div>
                <div
                  class="variable-row"
                  style="border-left: 1px solid #969596; padding: 3px 5px 3px 20px;"
                >
                  <span>
                    <span
                      class="object-key"
                      style="display: inline-block; color: rgb(26, 25, 26); letter-spacing: 0.5px; font-style: none; vertical-align: top; opacity: 0.85;"
                    >
                      <span
                        style="vertical-align: top;"
                      >
                        "
                      </span>
                      <span
                        style="display: inline-block;"
                      >
                        description
                      </span>
                      <span
                        style="vertical-align: top;"
                      >
                        "
                      </span>
                    </span>
                    <span
                      style="display: inline-block; margin: 0px 5px; color: rgb(26, 25, 26); vertical-align: top;"
                    >
                      :
                    </span>
                  </span>
                  <div
                    class="variable-value"
                    style="display: inline-block; padding-right: 6px; position: relative; cursor: pointer;"
                  >
                    <div
                      style="display: inline-block; color: rgb(246, 103, 30);"
                    >
                      <span
                        class="data-type-label"
                        style="font-size: 11px; margin-right: 4px; opacity: 0.8;"
                      >
                        string
                      </span>
                      <span
                        class="string-value"
                        style="cursor: default;"
                      >
                        "
                        
                        "
                      </span>
                    </div>
                  </div>
                </div>
                <div
                  class="variable-row"
                  style="border-left: 1px solid #969596; padding: 3px 5px 3px 20px;"
                >
                  <span>
                    <span
                      class="object-key"
                      style="display: inline-block; color: rgb(26, 25, 26); letter-spacing: 0.5px; font-style: none; vertical-align: top; opacity: 0.85;"
                    >
                      <span
                        style="vertical-align: top;"
                      >
                        "
                      </span>
                      <span
                        style="display: inline-block;"
                      >
                        deviceModelName
                      </span>
                      <span
                        style="vertical-align: top;"
                      >
                        "
                      </span>
                    </span>
                    <span
                      style="display: inline-block; margin: 0px 5px; color: rgb(26, 25, 26); vertical-align: top;"
                    >
                      :
                    </span>
                  </span>
                  <div
                    class="variable-value"
                    style="display: inline-block; padding-right: 6px; position: relative; cursor: pointer;"
                  >
                    <div
                      style="display: inline-block; color: rgb(246, 103, 30);"
                    >
                      <span
                        class="data-type-label"
                        style="font-size: 11px; margin-right: 4px; opacity: 0.8;"
                      >
                        string
                      </span>
                      <span
                        class="string-value"
                        style="cursor: default;"
                      >
                        "
                        N/A
                        "
                      </span>
                    </div>
                  </div>
                </div>
                <div
                  class="object-key-val"
                  style="border-left: 1px solid #969596; padding: 3px 5px 3px 20px;"
                >
                  <span>
                    <span
                      style="display: inline-block; cursor: pointer;"
                    >
                      <div
                        class="icon-container"
                        style="display: inline-block; width: 17px;"
                      >
                        <span
                          class="collapsed-icon"
                        >
                          <svg
                            fill="currentColor"
                            style="vertical-align: top; color: rgb(169, 87, 153); height: 1em; width: 1em; padding-left: 2px;"
                            viewBox="0 0 15 15"
                          >
                            <path
                              d="M0 14l6-6-6-6z"
                            />
                          </svg>
                        </span>
                      </div>
                      <span
                        style="display: inline-block; color: rgb(26, 25, 26); letter-spacing: 0.5px; font-style: none; vertical-align: top; opacity: 0.85;"
                      >
                        <span
                          class="object-key"
                        >
                          <span
                            style="vertical-align: top;"
                          >
                            "
                          </span>
                          <span>
                            latlng
                          </span>
                          <span
                            style="vertical-align: top;"
                          >
                            "
                          </span>
                        </span>
                        <span
                          style="display: inline-block; margin: 0px 5px; color: rgb(26, 25, 26); vertical-align: top;"
                        >
                          :
                        </span>
                      </span>
                      <span
                        style="display: inline-block; cursor: pointer; font-weight: bold; color: rgb(26, 25, 26);"
                      >
                        [
                      </span>
                    </span>
                  </span>
                  <span
                    class="brace-row"
                  >
                    <span
                      style="display: inline-block; cursor: pointer; font-weight: bold; color: rgb(26, 25, 26); padding-left: 0px;"
                    >
                      ]
                    </span>
                    <div
                      class="object-meta-data"
                      style="display: inline-block; padding: 0px 0px 0px 10px;"
                    >
                      <span
                        class="object-size"
                        style="color: rgb(73, 72, 73); border-radius: 3px; font-style: italic; margin: 0px 6px 0px 0px; cursor: default;"
                      >
                        0
                         item
                        s
                      </span>
                    </div>
                  </span>
                </div>
                <div
                  class="variable-row"
                  style="border-left: 1px solid #969596; padding: 3px 5px 3px 20px;"
                >
                  <span>
                    <span
                      class="object-key"
                      style="display: inline-block; color: rgb(26, 25, 26); letter-spacing: 0.5px; font-style: none; vertical-align: top; opacity: 0.85;"
                    >
                      <span
                        style="vertical-align: top;"
                      >
                        "
                      </span>
                      <span
                        style="display: inline-block;"
                      >
                        name
                      </span>
                      <span
                        style="vertical-align: top;"
                      >
                        "
                      </span>
                    </span>
                    <span
                      style="display: inline-block; margin: 0px 5px; color: rgb(26, 25, 26); vertical-align: top;"
                    >
                      :
                    </span>
                  </span>
                  <div
                    class="variable-value"
                    style="display: inline-block; padding-right: 6px; position: relative; cursor: pointer;"
                  >
                    <div
                      style="display: inline-block; color: rgb(246, 103, 30);"
                    >
                      <span
                        class="data-type-label"
                        style="font-size: 11px; margin-right: 4px; opacity: 0.8;"
                      >
                        string
                      </span>
                      <span
                        class="string-value"
                        style="cursor: default;"
                      >
                        "
                        Z-Wave Strips Drip 700 Coffee
                        "
                      </span>
                    </div>
                  </div>
                </div>
                <div
                  class="object-key-val"
                  style="border-left: 1px solid #969596; padding: 3px 5px 3px 20px;"
                >
                  <span>
                    <span
                      style="display: inline-block; cursor: pointer;"
                    >
                      <div
                        class="icon-container"
                        style="display: inline-block; width: 17px;"
                      >
                        <span
                          class="expanded-icon"
                        >
                          <svg
                            fill="currentColor"
                            style="vertical-align: top; color: rgb(67, 135, 166); height: 1em; width: 1em; padding-left: 2px;"
                            viewBox="0 0 15 15"
                          >
                            <path
                              d="M0 5l6 6 6-6z"
                            />
                          </svg>
                        </span>
                      </div>
                      <span
                        style="display: inline-block; color: rgb(26, 25, 26); letter-spacing: 0.5px; font-style: none; vertical-align: top; opacity: 0.85;"
                      >
                        <span
                          class="object-key"
                        >
                          <span
                            style="vertical-align: top;"
                          >
                            "
                          </span>
                          <span>
                            rabbitRouting
                          </span>
                          <span
                            style="vertical-align: top;"
                          >
                            "
                          </span>
                        </span>
                        <span
                          style="display: inline-block; margin: 0px 5px; color: rgb(26, 25, 26); vertical-align: top;"
                        >
                          :
                        </span>
                      </span>
                      <span
                        style="display: inline-block; cursor: pointer; font-weight: bold; color: rgb(26, 25, 26);"
                      >
                        {
                      </span>
                    </span>
                    <div
                      class="object-meta-data"
                      style="display: inline-block; padding: 0px 0px 0px 10px;"
                    >
                      <span
                        class="object-size"
                        style="color: rgb(73, 72, 73); border-radius: 3px; font-style: italic; margin: 0px 6px 0px 0px; cursor: default;"
                      >
                        1
                         item
                        
                      </span>
                    </div>
                  </span>
                  <div
                    class="pushed-content object-container"
                  >
                    <div
                      class="object-content"
                      style="margin-left: 6px;"
                    >
                      <div
                        class="object-key-val"
                        style="border-left: 1px solid #969596; padding: 3px 5px 3px 20px;"
                      >
                        <span>
                          <span
                            style="display: inline-block; cursor: pointer;"
                          >
                            <div
                              class="icon-container"
                              style="display: inline-block; width: 17px;"
                            >
                              <span
                                class="expanded-icon"
                              >
                                <svg
                                  fill="currentColor"
                                  style="vertical-align: top; color: rgb(67, 135, 166); height: 1em; width: 1em; padding-left: 2px;"
                                  viewBox="0 0 15 15"
                                >
                                  <path
                                    d="M0 5l6 6 6-6z"
                                  />
                                </svg>
                              </span>
                            </div>
                            <span
                              style="display: inline-block; color: rgb(26, 25, 26); letter-spacing: 0.5px; font-style: none; vertical-align: top; opacity: 0.85;"
                            >
                              <span
                                class="object-key"
                              >
                                <span
                                  style="vertical-align: top;"
                                >
                                  "
                                </span>
                                <span>
                                  value
                                </span>
                                <span
                                  style="vertical-align: top;"
                                >
                                  "
                                </span>
                              </span>
                              <span
                                style="display: inline-block; margin: 0px 5px; color: rgb(26, 25, 26); vertical-align: top;"
                              >
                                :
                              </span>
                            </span>
                            <span
                              style="display: inline-block; cursor: pointer; font-weight: bold; color: rgb(26, 25, 26);"
                            >
                              [
                            </span>
                          </span>
                          <div
                            class="object-meta-data"
                            style="display: inline-block; padding: 0px 0px 0px 10px;"
                          >
                            <span
                              class="object-size"
                              style="color: rgb(73, 72, 73); border-radius: 3px; font-style: italic; margin: 0px 6px 0px 0px; cursor: default;"
                            >
                              1
                               item
                              
                            </span>
                          </div>
                        </span>
                        <div
                          class="pushed-content object-container"
                        >
                          <div
                            class="object-content"
                            style="margin-left: 6px;"
                          >
                            <div
                              class="variable-row"
                              style="border-left: 1px solid #969596; padding: 3px 5px 3px 20px;"
                            >
                              <span
                                style="display: inline-block; color: rgb(53, 134, 118); letter-spacing: 0.5px; font-style: none; vertical-align: top; opacity: 0.85;"
                              >
                                0
                                <div
                                  style="display: inline-block; margin: 0px 5px; color: rgb(26, 25, 26); vertical-align: top;"
                                >
                                  :
                                </div>
                              </span>
                              <div
                                class="variable-value"
                                style="display: inline-block; padding-right: 6px; position: relative; cursor: pointer;"
                              >
                                <div
                                  style="display: inline-block; color: rgb(246, 103, 30);"
                                >
                                  <span
                                    class="data-type-label"
                                    style="font-size: 11px; margin-right: 4px; opacity: 0.8;"
                                  >
                                    string
                                  </span>
                                  <span
                                    class="string-value"
                                    style="cursor: default;"
                                  >
                                    "
                                    publisher
                                    "
                                  </span>
                                </div>
                              </div>
                            </div>
                          </div>
                        </div>
                        <span
                          class="brace-row"
                        >
                          <span
                            style="display: inline-block; cursor: pointer; font-weight: bold; color: rgb(26, 25, 26); padding-left: 3px;"
                          >
                            ]
                          </span>
                        </span>
                      </div>
                    </div>
                  </div>
                  <span
                    class="brace-row"
                  >
                    <span
                      style="display: inline-block; cursor: pointer; font-weight: bold; color: rgb(26, 25, 26); padding-left: 3px;"
                    >
                      }
                    </span>
                  </span>
                </div>
                <div
                  class="variable-row"
                  style="border-left: 1px solid #969596; padding: 3px 5px 3px 20px;"
                >
                  <span>
                    <span
                      class="object-key"
                      style="display: inline-block; color: rgb(26, 25, 26); letter-spacing: 0.5px; font-style: none; vertical-align: top; opacity: 0.85;"
                    >
                      <span
                        style="vertical-align: top;"
                      >
                        "
                      </span>
                      <span
                        style="display: inline-block;"
                      >
                        reportedAt
                      </span>
                      <span
                        style="vertical-align: top;"
                      >
                        "
                      </span>
                    </span>
                    <span
                      style="display: inline-block; margin: 0px 5px; color: rgb(26, 25, 26); vertical-align: top;"
                    >
                      :
                    </span>
                  </span>
                  <div
                    class="variable-value"
                    style="display: inline-block; padding-right: 6px; position: relative; cursor: pointer;"
                  >
                    <div
                      style="display: inline-block; color: rgb(246, 103, 30);"
                    >
                      <span
                        class="data-type-label"
                        style="font-size: 11px; margin-right: 4px; opacity: 0.8;"
                      >
                        string
                      </span>
                      <span
                        class="string-value"
                        style="cursor: default;"
                      >
                        "
                        2021-04-23T07:25:54.954Z
                        "
                      </span>
                    </div>
                  </div>
                </div>
                <div
                  class="variable-row"
                  style="border-left: 1px solid #969596; padding: 3px 5px 3px 20px;"
                >
                  <span>
                    <span
                      class="object-key"
                      style="display: inline-block; color: rgb(26, 25, 26); letter-spacing: 0.5px; font-style: none; vertical-align: top; opacity: 0.85;"
                    >
                      <span
                        style="vertical-align: top;"
                      >
                        "
                      </span>
                      <span
                        style="display: inline-block;"
                      >
                        translatedFrom
                      </span>
                      <span
                        style="vertical-align: top;"
                      >
                        "
                      </span>
                    </span>
                    <span
                      style="display: inline-block; margin: 0px 5px; color: rgb(26, 25, 26); vertical-align: top;"
                    >
                      :
                    </span>
                  </span>
                  <div
                    class="variable-value"
                    style="display: inline-block; padding-right: 6px; position: relative; cursor: pointer;"
                  >
                    <div
                      style="display: inline-block; color: rgb(246, 103, 30);"
                    >
                      <span
                        class="data-type-label"
                        style="font-size: 11px; margin-right: 4px; opacity: 0.8;"
                      >
                        string
                      </span>
                      <span
                        class="string-value"
                        style="cursor: default;"
                      >
                        "
                        5f68a72b6a1b64000613370a
                        "
                      </span>
                    </div>
                  </div>
                </div>
                <div
                  class="variable-row"
                  style="border-left: 1px solid #969596; padding: 3px 5px 3px 20px;"
                >
                  <span>
                    <span
                      class="object-key"
                      style="display: inline-block; color: rgb(26, 25, 26); letter-spacing: 0.5px; font-style: none; vertical-align: top; opacity: 0.85;"
                    >
                      <span
                        style="vertical-align: top;"
                      >
                        "
                      </span>
                      <span
                        style="display: inline-block;"
                      >
                        updatedAt
                      </span>
                      <span
                        style="vertical-align: top;"
                      >
                        "
                      </span>
                    </span>
                    <span
                      style="display: inline-block; margin: 0px 5px; color: rgb(26, 25, 26); vertical-align: top;"
                    >
                      :
                    </span>
                  </span>
                  <div
                    class="variable-value"
                    style="display: inline-block; padding-right: 6px; position: relative; cursor: pointer;"
                  >
                    <div
                      style="display: inline-block; color: rgb(246, 103, 30);"
                    >
                      <span
                        class="data-type-label"
                        style="font-size: 11px; margin-right: 4px; opacity: 0.8;"
                      >
                        string
                      </span>
                      <span
                        class="string-value"
                        style="cursor: default;"
                      >
                        "
                        2021-04-23T07:25:54.977Z
                        "
                      </span>
                    </div>
                  </div>
                </div>
                <div
                  class="object-key-val"
                  style="border-left: 1px solid #969596; padding: 3px 5px 3px 20px;"
                >
                  <span>
                    <span
                      style="display: inline-block; cursor: pointer;"
                    >
                      <div
                        class="icon-container"
                        style="display: inline-block; width: 17px;"
                      >
                        <span
                          class="expanded-icon"
                        >
                          <svg
                            fill="currentColor"
                            style="vertical-align: top; color: rgb(67, 135, 166); height: 1em; width: 1em; padding-left: 2px;"
                            viewBox="0 0 15 15"
                          >
                            <path
                              d="M0 5l6 6 6-6z"
                            />
                          </svg>
                        </span>
                      </div>
                      <span
                        style="display: inline-block; color: rgb(26, 25, 26); letter-spacing: 0.5px; font-style: none; vertical-align: top; opacity: 0.85;"
                      >
                        <span
                          class="object-key"
                        >
                          <span
                            style="vertical-align: top;"
                          >
                            "
                          </span>
                          <span>
                            value
                          </span>
                          <span
                            style="vertical-align: top;"
                          >
                            "
                          </span>
                        </span>
                        <span
                          style="display: inline-block; margin: 0px 5px; color: rgb(26, 25, 26); vertical-align: top;"
                        >
                          :
                        </span>
                      </span>
                      <span
                        style="display: inline-block; cursor: pointer; font-weight: bold; color: rgb(26, 25, 26);"
                      >
                        {
                      </span>
                    </span>
                    <div
                      class="object-meta-data"
                      style="display: inline-block; padding: 0px 0px 0px 10px;"
                    >
                      <span
                        class="object-size"
                        style="color: rgb(73, 72, 73); border-radius: 3px; font-style: italic; margin: 0px 6px 0px 0px; cursor: default;"
                      >
                        3
                         item
                        s
                      </span>
                    </div>
                  </span>
                  <div
                    class="pushed-content object-container"
                  >
                    <div
                      class="object-content"
                      style="margin-left: 6px;"
                    >
                      <div
                        class="variable-row"
                        style="border-left: 1px solid #969596; padding: 3px 5px 3px 20px;"
                      >
                        <span>
                          <span
                            class="object-key"
                            style="display: inline-block; color: rgb(26, 25, 26); letter-spacing: 0.5px; font-style: none; vertical-align: top; opacity: 0.85;"
                          >
                            <span
                              style="vertical-align: top;"
                            >
                              "
                            </span>
                            <span
                              style="display: inline-block;"
                            >
                              moisture
                            </span>
                            <span
                              style="vertical-align: top;"
                            >
                              "
                            </span>
                          </span>
                          <span
                            style="display: inline-block; margin: 0px 5px; color: rgb(26, 25, 26); vertical-align: top;"
                          >
                            :
                          </span>
                        </span>
                        <div
                          class="variable-value"
                          style="display: inline-block; padding-right: 6px; position: relative; cursor: pointer;"
                        >
                          <div
                            style="display: inline-block; color: rgb(92, 129, 21);"
                          >
                            <span
                              class="data-type-label"
                              style="font-size: 11px; margin-right: 4px; opacity: 0.8;"
                            >
                              float
                            </span>
                            -0.4
                          </div>
                        </div>
                      </div>
                      <div
                        class="variable-row"
                        style="border-left: 1px solid #969596; padding: 3px 5px 3px 20px;"
                      >
                        <span>
                          <span
                            class="object-key"
                            style="display: inline-block; color: rgb(26, 25, 26); letter-spacing: 0.5px; font-style: none; vertical-align: top; opacity: 0.85;"
                          >
                            <span
                              style="vertical-align: top;"
                            >
                              "
                            </span>
                            <span
                              style="display: inline-block;"
                            >
                              temperature
                            </span>
                            <span
                              style="vertical-align: top;"
                            >
                              "
                            </span>
                          </span>
                          <span
                            style="display: inline-block; margin: 0px 5px; color: rgb(26, 25, 26); vertical-align: top;"
                          >
                            :
                          </span>
                        </span>
                        <div
                          class="variable-value"
                          style="display: inline-block; padding-right: 6px; position: relative; cursor: pointer;"
                        >
                          <div
                            style="display: inline-block; color: rgb(92, 129, 21);"
                          >
                            <span
                              class="data-type-label"
                              style="font-size: 11px; margin-right: 4px; opacity: 0.8;"
                            >
                              float
                            </span>
                            25.9
                          </div>
                        </div>
                      </div>
                      <div
                        class="variable-row"
                        style="border-left: 1px solid #969596; padding: 3px 5px 3px 20px;"
                      >
                        <span>
                          <span
                            class="object-key"
                            style="display: inline-block; color: rgb(26, 25, 26); letter-spacing: 0.5px; font-style: none; vertical-align: top; opacity: 0.85;"
                          >
                            <span
                              style="vertical-align: top;"
                            >
                              "
                            </span>
                            <span
                              style="display: inline-block;"
                            >
                              temperatureUnit
                            </span>
                            <span
                              style="vertical-align: top;"
                            >
                              "
                            </span>
                          </span>
                          <span
                            style="display: inline-block; margin: 0px 5px; color: rgb(26, 25, 26); vertical-align: top;"
                          >
                            :
                          </span>
                        </span>
                        <div
                          class="variable-value"
                          style="display: inline-block; padding-right: 6px; position: relative; cursor: pointer;"
                        >
                          <div
                            style="display: inline-block; color: rgb(246, 103, 30);"
                          >
                            <span
                              class="data-type-label"
                              style="font-size: 11px; margin-right: 4px; opacity: 0.8;"
                            >
                              string
                            </span>
                            <span
                              class="string-value"
                              style="cursor: default;"
                            >
                              "
                              celsius
                              "
                            </span>
                          </div>
                        </div>
                      </div>
                    </div>
                  </div>
                  <span
                    class="brace-row"
                  >
                    <span
                      style="display: inline-block; cursor: pointer; font-weight: bold; color: rgb(26, 25, 26); padding-left: 3px;"
                    >
                      }
                    </span>
                  </span>
                </div>
                <div
                  class="variable-row"
                  style="border-left: 1px solid #969596; padding: 3px 5px 3px 20px;"
                >
                  <span>
                    <span
                      class="object-key"
                      style="display: inline-block; color: rgb(26, 25, 26); letter-spacing: 0.5px; font-style: none; vertical-align: top; opacity: 0.85;"
                    >
                      <span
                        style="vertical-align: top;"
                      >
                        "
                      </span>
                      <span
                        style="display: inline-block;"
                      >
                        version
                      </span>
                      <span
                        style="vertical-align: top;"
                      >
                        "
                      </span>
                    </span>
                    <span
                      style="display: inline-block; margin: 0px 5px; color: rgb(26, 25, 26); vertical-align: top;"
                    >
                      :
                    </span>
                  </span>
                  <div
                    class="variable-value"
                    style="display: inline-block; padding-right: 6px; position: relative; cursor: pointer;"
                  >
                    <div
                      style="display: inline-block; color: rgb(175, 85, 45);"
                    >
                      <span
                        class="data-type-label"
                        style="font-size: 11px; margin-right: 4px; opacity: 0.8;"
                      >
                        int
                      </span>
                      17
                    </div>
                  </div>
                </div>
              </div>
            </div>
            <span
              class="brace-row"
            >
              <span
                style="display: inline-block; cursor: pointer; font-weight: bold; color: rgb(26, 25, 26); padding-left: 3px;"
              >
                }
              </span>
            </span>
          </div>
        </div>
      </div>
    </div>
  </div>
</div>
`;
